<html>
<head>
	<title></title>
</head>
<body>
<h1>Custom Content File!</h1>
<p>Customing Content!</p>
</body>
</html>
